2024-12-21 19:53:54,263 - INFO - rendered the html template 
2024-12-21 19:54:01,347 - INFO - removing the columns more than 50 percent data is missing  
2024-12-21 19:54:01,355 - INFO - handling the missing data and outlliers  
2024-12-21 19:54:01,366 - INFO - removed duplicates 
2024-12-21 19:54:01,379 - INFO - Data cleaning Completed! 
2024-12-21 19:54:01,456 - INFO - Data Analysis Completed! 
2024-12-21 19:54:03,539 - INFO - Visualization generation completed. 
2024-12-21 19:54:09,634 - INFO - removing the columns more than 50 percent data is missing  
2024-12-21 19:54:09,638 - INFO - handling the missing data and outlliers  
2024-12-21 19:54:09,645 - INFO - removed duplicates 
2024-12-21 19:54:09,647 - INFO - Data cleaning Completed! 
2024-12-21 19:54:09,714 - INFO - Data Analysis Completed! 
2024-12-21 19:54:11,784 - INFO - Visualization generation completed. 
2024-12-21 19:54:16,424 - INFO - C:\Users\athar\DataAnalyzer\analyzer\views.py changed, reloading. 
2024-12-21 19:54:27,538 - INFO - rendered the html template 
2024-12-21 19:54:40,158 - INFO - removing the columns more than 50 percent data is missing  
2024-12-21 19:54:40,160 - INFO - handling the missing data and outlliers  
2024-12-21 19:54:40,167 - INFO - removed duplicates 
2024-12-21 19:54:40,170 - INFO - Data cleaning Completed! 
2024-12-21 19:54:40,230 - INFO - Data Analysis Completed! 
2024-12-21 19:55:27,282 - INFO - Visualization generation completed. 
2024-12-21 20:05:08,312 - INFO - rendered the html template 
2024-12-21 20:05:22,605 - INFO - removing the columns more than 50 percent data is missing  
2024-12-21 20:05:22,610 - INFO - handling the missing data and outlliers  
2024-12-21 20:05:22,620 - INFO - removed duplicates 
2024-12-21 20:05:22,622 - INFO - Data cleaning Completed! 
2024-12-21 20:05:22,699 - INFO - Data Analysis Completed! 
2024-12-21 20:05:24,747 - INFO - Visualization generation completed. 
2024-12-21 20:11:15,211 - INFO - removing the columns more than 50 percent data is missing  
2024-12-21 20:11:15,220 - INFO - handling the missing data and outlliers  
2024-12-21 20:11:15,285 - INFO - removed duplicates 
2024-12-21 20:11:15,295 - INFO - Data cleaning Completed! 
2024-12-21 20:11:15,946 - INFO - Data Analysis Completed! 
2024-12-21 20:11:30,722 - INFO - Visualization generation completed. 
2024-12-21 20:14:20,412 - INFO - C:\Users\athar\DataAnalyzer\analyzer\views.py changed, reloading. 
2024-12-21 20:15:00,366 - INFO - C:\Users\athar\DataAnalyzer\analyzer\views.py changed, reloading. 
2024-12-21 20:15:13,356 - INFO - C:\Users\athar\DataAnalyzer\analyzer\views.py changed, reloading. 
2024-12-21 20:15:51,479 - INFO - C:\Users\athar\DataAnalyzer\analyzer\views.py changed, reloading. 
2024-12-21 20:16:01,306 - INFO - C:\Users\athar\DataAnalyzer\analyzer\views.py changed, reloading. 
2024-12-21 20:16:16,662 - INFO - C:\Users\athar\DataAnalyzer\analyzer\views.py changed, reloading. 
2024-12-21 20:16:22,759 - INFO - C:\Users\athar\DataAnalyzer\analyzer\views.py changed, reloading. 
2024-12-21 20:16:42,695 - INFO - C:\Users\athar\DataAnalyzer\analyzer\views.py changed, reloading. 
2024-12-21 20:16:48,400 - INFO - C:\Users\athar\DataAnalyzer\analyzer\views.py changed, reloading. 
2024-12-21 20:16:59,723 - INFO - rendered the html template 
2024-12-21 20:17:06,852 - INFO - removing the columns more than 50 percent data is missing  
2024-12-21 20:17:06,855 - INFO - handling the missing data and outlliers  
2024-12-21 20:17:06,859 - INFO - removed duplicates 
2024-12-21 20:17:06,862 - INFO - Data cleaning Completed! 
2024-12-21 20:17:06,891 - INFO - Data Analysis Completed! 
2024-12-21 20:17:09,569 - INFO - Visualization generation completed. 
2024-12-21 20:40:33,229 - INFO - rendered the html template 
2024-12-21 20:47:10,912 - INFO - rendered the html template 
2024-12-21 20:47:24,200 - INFO - removing the columns more than 50 percent data is missing  
2024-12-21 20:47:24,203 - INFO - handling the missing data and outlliers  
2024-12-21 20:47:24,207 - INFO - removed duplicates 
2024-12-21 20:47:24,209 - INFO - Data cleaning Completed! 
2024-12-21 20:47:24,239 - INFO - Data Analysis Completed! 
2024-12-21 20:47:26,905 - INFO - Visualization generation completed. 
2024-12-21 20:59:43,383 - INFO - rendered the html template 
2024-12-21 21:00:30,070 - INFO - rendered the html template 
2024-12-21 21:00:42,389 - INFO - removing the columns more than 50 percent data is missing  
2024-12-21 21:00:42,393 - INFO - handling the missing data and outlliers  
2024-12-21 21:00:42,397 - INFO - removed duplicates 
2024-12-21 21:00:42,398 - INFO - Data cleaning Completed! 
2024-12-21 21:00:42,424 - INFO - Data Analysis Completed! 
2024-12-21 21:00:45,158 - INFO - Visualization generation completed. 
2024-12-21 21:02:01,107 - INFO - removing the columns more than 50 percent data is missing  
2024-12-21 21:02:01,109 - INFO - handling the missing data and outlliers  
2024-12-21 21:02:01,112 - INFO - removed duplicates 
2024-12-21 21:02:01,114 - INFO - Data cleaning Completed! 
2024-12-21 21:02:01,128 - INFO - Data Analysis Completed! 
2024-12-21 21:02:02,672 - INFO - Visualization generation completed. 
2024-12-21 21:02:53,544 - INFO - removing the columns more than 50 percent data is missing  
2024-12-21 21:02:53,546 - INFO - handling the missing data and outlliers  
2024-12-21 21:02:53,552 - INFO - removed duplicates 
2024-12-21 21:02:53,554 - INFO - Data cleaning Completed! 
2024-12-21 21:02:53,613 - INFO - Data Analysis Completed! 
2024-12-21 21:03:45,188 - INFO - Visualization generation completed. 
2024-12-21 21:04:21,386 - INFO - removing the columns more than 50 percent data is missing  
2024-12-21 21:04:21,397 - INFO - handling the missing data and outlliers  
2024-12-21 21:04:21,410 - INFO - removed duplicates 
2024-12-21 21:04:21,412 - INFO - Data cleaning Completed! 
2024-12-21 21:04:21,543 - INFO - Data Analysis Completed! 
2024-12-21 21:04:22,122 - WARNING - Failed to generate histogram for race/ethnicity: [Errno 2] No such file or directory: 'C:\\Users\\athar\\DataAnalyzer\\media\\plots\\race/ethnicity_histogram.png' 
2024-12-21 21:04:28,221 - INFO - removing the columns more than 50 percent data is missing  
2024-12-21 21:04:28,241 - INFO - handling the missing data and outlliers  
2024-12-21 21:04:28,272 - INFO - removed duplicates 
2024-12-21 21:04:28,279 - INFO - Data cleaning Completed! 
2024-12-21 21:04:28,478 - INFO - Data Analysis Completed! 
2024-12-21 21:04:29,322 - WARNING - Failed to generate histogram for race/ethnicity: [Errno 2] No such file or directory: 'C:\\Users\\athar\\DataAnalyzer\\media\\plots\\race/ethnicity_histogram.png' 
2024-12-21 21:04:29,529 - INFO - Visualization generation completed. 
2024-12-21 21:04:35,901 - INFO - Visualization generation completed. 
2024-12-21 21:42:47,612 - INFO - removing the columns more than 50 percent data is missing  
2024-12-21 21:42:47,615 - INFO - handling the missing data and outlliers  
2024-12-21 21:42:47,621 - INFO - removed duplicates 
2024-12-21 21:42:47,623 - INFO - Data cleaning Completed! 
2024-12-21 21:42:47,662 - INFO - Data Analysis Completed! 
2024-12-21 21:43:16,170 - INFO - Visualization generation completed. 
2024-12-21 21:43:52,334 - INFO - removing the columns more than 50 percent data is missing  
2024-12-21 21:43:52,336 - INFO - handling the missing data and outlliers  
2024-12-21 21:43:52,341 - INFO - removed duplicates 
2024-12-21 21:43:52,342 - INFO - Data cleaning Completed! 
2024-12-21 21:43:52,390 - INFO - Data Analysis Completed! 
2024-12-21 21:43:53,710 - INFO - Visualization generation completed. 
2024-12-21 21:44:06,269 - INFO - removing the columns more than 50 percent data is missing  
2024-12-21 21:44:06,271 - INFO - handling the missing data and outlliers  
2024-12-21 21:44:06,274 - INFO - removed duplicates 
2024-12-21 21:44:06,275 - INFO - Data cleaning Completed! 
2024-12-21 21:44:06,297 - INFO - Data Analysis Completed! 
2024-12-21 21:44:08,128 - INFO - Visualization generation completed. 
2024-12-21 21:44:43,351 - INFO - removing the columns more than 50 percent data is missing  
2024-12-21 21:44:43,356 - INFO - handling the missing data and outlliers  
2024-12-21 21:44:43,388 - INFO - removed duplicates 
2024-12-21 21:44:43,393 - INFO - Data cleaning Completed! 
2024-12-21 21:44:43,838 - INFO - Data Analysis Completed! 
2024-12-21 21:44:50,181 - INFO - Visualization generation completed. 
2024-12-21 21:53:57,088 - INFO - rendered the html template 
2024-12-21 21:54:14,378 - INFO - removing the columns more than 50 percent data is missing  
2024-12-21 21:54:14,381 - INFO - handling the missing data and outlliers  
2024-12-21 21:54:14,390 - INFO - removed duplicates 
2024-12-21 21:54:14,392 - INFO - Data cleaning Completed! 
2024-12-21 21:54:14,465 - INFO - Data Analysis Completed! 
2024-12-21 21:54:16,581 - INFO - Visualization generation completed. 
2024-12-21 22:01:45,438 - INFO - rendered the html template 
2024-12-21 22:01:53,902 - INFO - removing the columns more than 50 percent data is missing  
2024-12-21 22:01:53,906 - INFO - handling the missing data and outlliers  
2024-12-21 22:01:53,916 - INFO - removed duplicates 
2024-12-21 22:01:53,920 - INFO - Data cleaning Completed! 
2024-12-21 22:01:54,011 - INFO - Data Analysis Completed! 
2024-12-21 22:01:56,027 - INFO - Visualization generation completed. 
2024-12-21 22:53:52,114 - INFO - rendered the html template 
2024-12-21 22:53:58,174 - INFO - removing the columns more than 50 percent data is missing  
2024-12-21 22:53:58,179 - INFO - handling the missing data and outlliers  
2024-12-21 22:53:58,189 - INFO - removed duplicates 
2024-12-21 22:53:58,192 - INFO - Data cleaning Completed! 
2024-12-21 22:53:58,265 - INFO - Data Analysis Completed! 
2024-12-21 22:54:00,416 - INFO - Visualization generation completed. 
2024-12-22 00:14:24,680 - INFO - rendered the html template 
2024-12-22 00:14:31,323 - INFO - removing the columns more than 50 percent data is missing  
2024-12-22 00:14:31,325 - INFO - handling the missing data and outlliers  
2024-12-22 00:14:31,331 - INFO - removed duplicates 
2024-12-22 00:14:31,332 - INFO - Data cleaning Completed! 
2024-12-22 00:14:31,369 - INFO - Data Analysis Completed! 
2024-12-22 00:14:32,617 - INFO - Visualization generation completed. 
2024-12-22 03:15:51,856 - INFO - rendered the html template 
2024-12-22 03:15:58,559 - INFO - removing the columns more than 50 percent data is missing  
2024-12-22 03:15:58,564 - INFO - handling the missing data and outlliers  
2024-12-22 03:15:58,575 - INFO - removed duplicates 
2024-12-22 03:15:58,578 - INFO - Data cleaning Completed! 
2024-12-22 03:15:58,647 - INFO - Data Analysis Completed! 
2024-12-22 03:16:00,627 - INFO - Visualization generation completed. 
2024-12-22 03:16:00,657 - WARNING - Not Found: /media/plots/runs_histogram.png 
2024-12-22 03:16:00,659 - WARNING - Not Found: /media/plots/batter_histogram.png 
2024-12-22 03:16:00,663 - WARNING - Not Found: /media/plots/avg_histogram.png 
2024-12-22 03:16:00,780 - WARNING - Not Found: /media/plots/strike_rate_histogram.png 
2024-12-22 03:16:06,105 - INFO - rendered the html template 
2024-12-22 03:17:34,511 - INFO - rendered the html template 
2024-12-22 03:17:39,958 - INFO - removing the columns more than 50 percent data is missing  
2024-12-22 03:17:39,964 - INFO - handling the missing data and outlliers  
2024-12-22 03:17:39,975 - INFO - removed duplicates 
2024-12-22 03:17:39,978 - INFO - Data cleaning Completed! 
2024-12-22 03:17:40,057 - INFO - Data Analysis Completed! 
2024-12-22 03:17:42,061 - INFO - Visualization generation completed. 
2024-12-22 03:24:42,976 - INFO - rendered the html template 
2024-12-22 03:24:49,372 - INFO - removing the columns more than 50 percent data is missing  
2024-12-22 03:24:49,374 - INFO - handling the missing data and outlliers  
2024-12-22 03:24:49,381 - INFO - removed duplicates 
2024-12-22 03:24:49,384 - INFO - Data cleaning Completed! 
2024-12-22 03:24:49,438 - INFO - Data Analysis Completed! 
2024-12-22 03:25:39,043 - INFO - Visualization generation completed. 
2024-12-22 09:30:11,560 - INFO - rendered the html template 
2024-12-22 09:30:12,207 - WARNING - Not Found: /favicon.ico 
2024-12-22 09:30:59,523 - INFO - removing the columns more than 50 percent data is missing  
2024-12-22 09:30:59,536 - INFO - handling the missing data and outlliers  
2024-12-22 09:30:59,549 - INFO - removed duplicates 
2024-12-22 09:30:59,564 - INFO - Data cleaning Completed! 
2024-12-22 09:30:59,647 - INFO - Data Analysis Completed! 
2024-12-22 09:31:01,749 - INFO - Visualization generation completed. 
2024-12-22 11:11:56,702 - INFO - rendered the html template 
2024-12-22 11:12:06,045 - INFO - removing the columns more than 50 percent data is missing  
2024-12-22 11:12:06,046 - INFO - handling the missing data and outlliers  
2024-12-22 11:12:06,050 - INFO - removed duplicates 
2024-12-22 11:12:06,051 - INFO - Data cleaning Completed! 
2024-12-22 11:12:06,080 - INFO - Data Analysis Completed! 
2024-12-22 11:12:36,697 - INFO - Visualization generation completed. 
2024-12-22 21:46:00,097 - ERROR - Invalid HTTP_HOST header: '127.0.0.1:8000'. You may need to add '127.0.0.1' to ALLOWED_HOSTS. 
Traceback (most recent call last):
  File "C:\Users\athar\AppData\Local\Programs\Python\Python311\Lib\site-packages\django\core\handlers\exception.py", line 55, in inner
    response = get_response(request)
               ^^^^^^^^^^^^^^^^^^^^^
  File "C:\Users\athar\AppData\Local\Programs\Python\Python311\Lib\site-packages\django\utils\deprecation.py", line 128, in __call__
    response = self.process_request(request)
               ^^^^^^^^^^^^^^^^^^^^^^^^^^^^^
  File "C:\Users\athar\AppData\Local\Programs\Python\Python311\Lib\site-packages\django\middleware\common.py", line 48, in process_request
    host = request.get_host()
           ^^^^^^^^^^^^^^^^^^
  File "C:\Users\athar\AppData\Local\Programs\Python\Python311\Lib\site-packages\django\http\request.py", line 151, in get_host
    raise DisallowedHost(msg)
django.core.exceptions.DisallowedHost: Invalid HTTP_HOST header: '127.0.0.1:8000'. You may need to add '127.0.0.1' to ALLOWED_HOSTS.
2024-12-22 21:46:00,248 - WARNING - Bad Request: / 
2024-12-22 21:46:00,954 - ERROR - Invalid HTTP_HOST header: '127.0.0.1:8000'. You may need to add '127.0.0.1' to ALLOWED_HOSTS. 
Traceback (most recent call last):
  File "C:\Users\athar\AppData\Local\Programs\Python\Python311\Lib\site-packages\django\core\handlers\exception.py", line 55, in inner
    response = get_response(request)
               ^^^^^^^^^^^^^^^^^^^^^
  File "C:\Users\athar\AppData\Local\Programs\Python\Python311\Lib\site-packages\django\utils\deprecation.py", line 128, in __call__
    response = self.process_request(request)
               ^^^^^^^^^^^^^^^^^^^^^^^^^^^^^
  File "C:\Users\athar\AppData\Local\Programs\Python\Python311\Lib\site-packages\django\middleware\common.py", line 48, in process_request
    host = request.get_host()
           ^^^^^^^^^^^^^^^^^^
  File "C:\Users\athar\AppData\Local\Programs\Python\Python311\Lib\site-packages\django\http\request.py", line 151, in get_host
    raise DisallowedHost(msg)
django.core.exceptions.DisallowedHost: Invalid HTTP_HOST header: '127.0.0.1:8000'. You may need to add '127.0.0.1' to ALLOWED_HOSTS.
2024-12-22 21:46:00,982 - WARNING - Bad Request: /favicon.ico 
2024-12-22 21:47:51,169 - INFO - C:\Users\athar\DataAnalyzer\DataAnalyzer\settings.py changed, reloading. 
2024-12-22 21:48:41,490 - INFO - rendered the html template 
2024-12-22 21:48:42,294 - WARNING - Not Found: /favicon.ico 
2024-12-22 21:48:48,654 - INFO - removing the columns more than 50 percent data is missing  
2024-12-22 21:48:48,661 - INFO - handling the missing data and outlliers  
2024-12-22 21:48:48,671 - INFO - removed duplicates 
2024-12-22 21:48:48,679 - INFO - Data cleaning Completed! 
2024-12-22 21:48:48,752 - INFO - Data Analysis Completed! 
2024-12-22 21:48:50,776 - INFO - Visualization generation completed. 
2024-12-22 21:48:54,002 - INFO - rendered the html template 
2024-12-22 22:19:51,426 - INFO - rendered the html template 
2024-12-22 22:20:04,285 - INFO - removing the columns more than 50 percent data is missing  
2024-12-22 22:20:04,289 - INFO - handling the missing data and outlliers  
2024-12-22 22:20:04,294 - INFO - removed duplicates 
2024-12-22 22:20:04,296 - INFO - Data cleaning Completed! 
2024-12-22 22:20:04,331 - INFO - Data Analysis Completed! 
2024-12-22 22:20:07,009 - INFO - Visualization generation completed. 
2024-12-22 22:43:29,378 - INFO - rendered the html template 
2024-12-22 23:39:20,171 - INFO - rendered the html template 
2024-12-22 23:39:27,107 - INFO - removing the columns more than 50 percent data is missing  
2024-12-22 23:39:27,110 - INFO - handling the missing data and outlliers  
2024-12-22 23:39:27,114 - INFO - removed duplicates 
2024-12-22 23:39:27,115 - INFO - Data cleaning Completed! 
2024-12-22 23:39:27,143 - INFO - Data Analysis Completed! 
2024-12-22 23:39:29,980 - INFO - Visualization generation completed. 
2024-12-25 22:18:24,508 - INFO - rendered the html template 
2024-12-25 22:18:25,134 - WARNING - Not Found: /favicon.ico 
2024-12-28 16:57:09,883 - INFO - rendered the html template 
2024-12-28 16:57:10,917 - WARNING - Not Found: /favicon.ico 
2024-12-28 16:57:17,513 - INFO - removing the columns more than 50 percent data is missing  
2024-12-28 16:57:17,534 - INFO - handling the missing data and outlliers  
2024-12-28 16:57:17,556 - INFO - removed duplicates 
2024-12-28 16:57:17,578 - INFO - Data cleaning Completed! 
2024-12-28 16:57:17,704 - INFO - Data Analysis Completed! 
2024-12-28 16:57:18,426 - WARNING - Failed to generate histogram for race/ethnicity: [Errno 2] No such file or directory: 'C:\\Users\\athar\\DataAnalyzer\\media\\plots\\race/ethnicity_histogram.png' 
2024-12-28 16:57:23,484 - INFO - Visualization generation completed. 
2024-12-28 21:23:41,212 - INFO - rendered the html template 
2024-12-28 21:23:41,996 - WARNING - Not Found: /favicon.ico 
2024-12-28 21:24:14,457 - INFO - removing the columns more than 50 percent data is missing  
2024-12-28 21:24:14,498 - INFO - handling the missing data and outlliers  
2024-12-28 21:24:14,524 - INFO - removed duplicates 
2024-12-28 21:24:14,542 - INFO - Data cleaning Completed! 
2024-12-28 21:24:15,095 - INFO - Data Analysis Completed! 
2024-12-28 21:24:21,601 - INFO - Visualization generation completed. 
2024-12-28 21:27:41,116 - INFO - rendered the html template 
2024-12-28 21:27:56,349 - INFO - removing the columns more than 50 percent data is missing  
2024-12-28 21:27:56,355 - INFO - handling the missing data and outlliers  
2024-12-28 21:27:56,359 - INFO - removed duplicates 
2024-12-28 21:27:56,363 - INFO - Data cleaning Completed! 
2024-12-28 21:27:56,388 - INFO - Data Analysis Completed! 
2024-12-28 21:27:57,927 - INFO - Visualization generation completed. 
2024-12-28 21:28:55,832 - INFO - C:\Users\athar\DataAnalyzer\analyzer\models.py changed, reloading. 
2024-12-28 21:43:21,037 - INFO - rendered the html template 
2024-12-28 21:43:27,737 - INFO - removing the columns more than 50 percent data is missing  
2024-12-28 21:43:27,742 - INFO - handling the missing data and outlliers  
2024-12-28 21:43:27,749 - INFO - removed duplicates 
2024-12-28 21:43:27,751 - INFO - Data cleaning Completed! 
2024-12-28 21:43:27,771 - INFO - Data Analysis Completed! 
2024-12-28 21:43:29,554 - INFO - Visualization generation completed. 
2024-12-28 21:44:06,099 - INFO - C:\Users\athar\DataAnalyzer\DataAnalyzer\settings.py changed, reloading. 
2024-12-29 09:52:02,195 - INFO - rendered the html template 
2024-12-29 09:52:02,651 - WARNING - Not Found: /favicon.ico 
2024-12-29 09:52:17,292 - INFO - removing the columns more than 50 percent data is missing  
2024-12-29 09:52:17,333 - INFO - handling the missing data and outlliers  
2024-12-29 09:52:17,358 - INFO - removed duplicates 
2024-12-29 09:52:17,378 - INFO - Data cleaning Completed! 
2024-12-29 09:52:17,781 - INFO - Data Analysis Completed! 
2024-12-29 09:52:21,979 - INFO - Visualization generation completed. 
